the dropdown setting fkrecipes-example-quench-medium has no [string-mod-setting] entry for its value oil
the setting fkrecipes-example-bonus-research has no [mod-setting-name] entry
the [mod-setting-name] entry fkrecipes-example-scrap-recovery matches no setting this plan declares
the [string-mod-setting] entry fkrecipes-example-quench-medium-brine matches no dropdown value this plan declares
